[rubikcare.com/index.html]
[rubikcare.com/frontassets/css/bootstrap.min.css]
[rubikcare.com/assets/plugins/morris/morris.css]
[rubikcare.com/frontassets/global/plugins/simple-line-icons/simple-line-icons.min.css]
[rubikcare.com/frontassets/global/plugins/datatables/datatables.min.css]
[rubikcare.com/frontassets/global/plugins/bootstrap-daterangepicker/daterangepicker.min.css]
[rubikcare.com/frontassets/global/plugins/bootstrap-datepicker/css/bootstrap-datepicker3.min.css]
[rubikcare.com/frontassets/global/plugins/bootstrap-timepicker/css/bootstrap-timepicker.min.css]
[rubikcare.com/frontassets/global/plugins/bootstrap-datetimepicker/css/bootstrap-datetimepicker.min.css]
[rubikcare.com/frontassets/global/plugins/clockface/css/clockface.css]
[rubikcare.com/frontassets/global/css/components-rtl.min.css]
[rubikcare.com/frontassets/global/css/plugins-rtl.min.css]
[rubikcare.com/frontassets/layouts/layout/css/layout-rtl.min.css]
[rubikcare.com/frontassets/layouts/layout/css/themes/darkblue-rtl.min.css]
[rubikcare.com/frontassets/plugins/fontawesome/css/fontawesome.min.css]
[rubikcare.com/frontassets/plugins/fontawesome/css/all.min.css]
[stackpath.bootstrapcdn.com/font-awesome/4.7.0/css/font-awesome.min.css]
[rubikcare.com/frontassets/plugins/select2/css/select2.min.css]
[cdnjs.cloudflare.com/ajax/libs/bootstrap-select/1.13.1/css/bootstrap-select.min.css]
[cdnjs.cloudflare.com/ajax/libs/flag-icon-css/0.8.2/css/flag-icon.min.css]
[rubikcare.com/assets/css/style.css]
[rubikcare.com/frontassets/css/owl.carousel.min.css]
[rubikcare.com/frontassets/css/owl.theme.default.min.css]
[rubikcare.com/frontassets/css/style-profile.css]
[rubikcare.com/frontassets/css/style.css]
[rubikcare.com/frontassets/styles.css]
[rubikcare.com/frontassets/enhancement.css]
[rubikcare.com/frontassets/responsive-en.css]
[rubikcare.com/frontassets/global/plugins/bootstrap-toastr/toastr-rtl.min.css]
[backblue.gif]
[fade.gif]
[index.html]
[rubikcare.com/frontassets/plugins/fancybox/jquery.fancybox.min.css]
[rubikcare.com/assets/img/favicon.png]
[rubikcare.com/frontassets/img/logo.svg]
[rubikcare.com/Home/PatientPharmacyHome.html]
[rubikcare.com/home/BlogList.html]
[rubikcare.com/patient/Loginf603.html]
[rubikcare.com/home/MyCart.html]
[rubikcare.com/patient/Login.html]
[rubikcare.com/doctor/login.html]
[rubikcare.com/Pharmaceutical/login.html]
[rubikcare.com/Pharmacy/Login.html]
[rubikcare.com/OtherProvider/Login.html]
[api.rubikcare.com/Upload/reduced_20220922193535836969My project 3.jpg]
[api.rubikcare.com/Upload/reduced_20220922192157820963My project1.png]
[api.rubikcare.com/Upload/reduced_2022092219187372961My project.png]
[rubikcare.com/frontassets/img/specialities/specialities-02.png]
[rubikcare.com/frontassets/img/specialities/specialities-03.png]
[rubikcare.com/patient/Loginca43.html]
[rubikcare.com/frontassets/img/specialities/microscope.png]
[rubikcare.com/patient/Loginf1eb.html]
[rubikcare.com/frontassets/img/specialities/skeleton-view.png]
[rubikcare.com/frontassets/img/icons/vedio-calll-active.svg]
[rubikcare.com/frontassets/img/icons/vedio-calll.svg]
[rubikcare.com/frontassets/img/icons/ic-clinic.png]
[rubikcare.com/frontassets/img/icons/clinic-gray.png]
[rubikcare.com/frontassets/img/icons/video-call-active.svg]
[rubikcare.com/frontassets/img/icons/video-call.svg]
[rubikcare.com/frontassets/img/icons/home-visit-active.svg]
[rubikcare.com/frontassets/img/icons/home-visit.svg]
[api.rubikcare.com/Upload/reduced_20220922192843662968DLsdfzOW0AICUiW.jpg]
[rubikcare.com/frontassets/img/img-05.jpg]
[rubikcare.com/Home/DoctorProfile/10304.html]
[api.rubikcare.com/Upload/reduced_202208301418379949622MagazinePic-17-2.3.001-bigpicture_17_2.jpg]
[rubikcare.com/patient/Login711f.html]
[rubikcare.com/Home/DoctorProfile/10283.html]
[api.rubikcare.com/Upload/reduced_20220803171043894963FB_IMG_1655767838459.jpg]
[rubikcare.com/patient/Login826d.html]
[api.rubikcare.com/Upload/reduced_202209221944294919610shutterstock_519507367.jpg]
[api.rubikcare.com/Upload/reduced_2022092219453789611Pharmacist-With-Tablet.jpg]
[api.rubikcare.com/Upload/reduced_20220922194795559612California-Toxicity-Testing-Laboratory-Accredited-Lab-California.jpg]
[api.rubikcare.com/Upload/reduced_202209221954384909613_لقطة الشاشة ٢٠٢١-١٠-٠٣ في ٨.٤٤.٤٤ م.png]
[rubikcare.com/Home/BlogDetails/29.html]
[api.rubikcare.com/Upload/reduced_20220901144056763961216165995681-02.jpg]
[rubikcare.com/Home/BlogDetails/28.html]
[api.rubikcare.com/Upload/reduced_202209011430284749610161850924144 (1).jpg]
[rubikcare.com/Home/BlogDetails/27.html]
[api.rubikcare.com/Upload/reduced_20220901133871269691616531470Untitled-1-02.jpg]
[rubikcare.com/Home/BlogDetails/26.html]
[api.rubikcare.com/Upload/reduced_202209011328107789641622114610Untitled-1-01.jpg]
[rubikcare.com/Home/BlogDetails/25.html]
[api.rubikcare.com/Upload/reduced_2022090113165394796316165977821-09.jpg]
[rubikcare.com/Home/Bloglist-2.html]
[rubikcare.com/frontassets/img/footer-logo.png]
[rubikcare.com/Home/About.html]
[rubikcare.com/Home/ContactUs.html]
[rubikcare.com/Home/termsOfUse.html]
[rubikcare.com/Home/PrivacyPolicy.html]
[rubikcare.com/Home/DoctorPolicy.html]
[rubikcare.com/Home/helpsupport.html]
[rubikcare.com/Home/PharmacyPolicy.html]
[rubikcare.com/Home/PharmaPolicy.html]
[e4clinicpilotapi.ekadsoft.org/Upload/reduced_20220316223918321961okrmpylpjofile.png]
[rubikcare.com/frontassets/img/ic_success.png]
[rubikcare.com/cdn-cgi/scripts/5c5dd728/cloudflare-static/email-decode.min.js]
[rubikcare.com/frontassets/global/plugins/jquery.min.js]
[rubikcare.com/frontassets/js/popper.min.js]
[rubikcare.com/frontassets/js/bootstrap.min.js]
[rubikcare.com/frontassets/global/plugins/js.cookie.min.js]
[rubikcare.com/frontassets/global/plugins/jquery-slimscroll/jquery.slimscroll.min.js]
[rubikcare.com/frontassets/global/plugins/jquery.blockui.min.js]
[rubikcare.com/frontassets/global/plugins/bootstrap-switch/js/bootstrap-switch.min.js]
[rubikcare.com/frontassets/global/scripts/datatable.js]
[rubikcare.com/frontassets/global/plugins/datatables/datatables.min.js]
[rubikcare.com/frontassets/global/plugins/datatables/plugins/bootstrap/datatables.bootstrap.js]
[rubikcare.com/frontassets/global/plugins/moment.min.js]
[rubikcare.com/frontassets/global/plugins/bootstrap-daterangepicker/daterangepicker.min.js]
[rubikcare.com/frontassets/global/plugins/bootstrap-datepicker/js/bootstrap-datepicker.min.js]
[rubikcare.com/frontassets/global/plugins/bootstrap-timepicker/js/bootstrap-timepicker.min.js]
[rubikcare.com/frontassets/global/plugins/bootstrap-datetimepicker/js/bootstrap-datetimepicker.min.js]
[rubikcare.com/frontassets/global/plugins/clockface/js/clockface.js]
[rubikcare.com/frontassets/global/plugins/jquery-validation/js/jquery.validate.min.js]
[rubikcare.com/frontassets/global/plugins/jquery-validation/js/additional-methods.min.js]
[rubikcare.com/frontassets/global/plugins/bootstrap-wizard/jquery.bootstrap.wizard.min.js]
[rubikcare.com/frontassets/global/scripts/app.min.js]
[rubikcare.com/frontassets/pages/scripts/components-date-time-pickers.min.js]
[rubikcare.com/frontassets/pages/scripts/table-datatables-managed.min.js]
[rubikcare.com/frontassets/plugins/fancybox/jquery.fancybox.min.js]
[rubikcare.com/frontassets/layouts/layout/scripts/layout.min.js]
[rubikcare.com/frontassets/layouts/layout/scripts/demo.min.js]
[rubikcare.com/frontassets/layouts/global/scripts/quick-sidebar.min.js]
[rubikcare.com/frontassets/layouts/global/scripts/quick-nav.min.js]
[rubikcare.com/frontassets/js/slick.js]
[rubikcare.com/frontassets/plugins/select2/js/select2.min.js]
[cdnjs.cloudflare.com/ajax/libs/bootstrap-select/1.13.1/js/bootstrap-select.min.js]
[dimsemenov.com/plugins/magnific-popup/dist/jquery.magnific-popup.min.js]
[rubikcare.com/assets/plugins/slimscroll/jquery.slimscroll.min.js]
[rubikcare.com/assets/plugins/raphael/raphael.min.js]
[rubikcare.com/assets/plugins/morris/morris.min.js]
[rubikcare.com/frontassets/plugins/theia-sticky-sidebar/ResizeSensor.js]
[rubikcare.com/frontassets/plugins/theia-sticky-sidebar/theia-sticky-sidebar.js]
[rubikcare.com/frontassets/js/rangeslider.js]
[rubikcare.com/assets/js/script.js]
[rubikcare.com/frontassets/global/plugins/bootstrap-toastr/toastr.min.js]
[rubikcare.com/frontassets/pages/scripts/ui-toastr.min.js]
[cdnjs.cloudflare.com/ajax/libs/uikit/3.0.0-beta.40/js/uikit.min.js]
[cdnjs.cloudflare.com/ajax/libs/uikit/3.0.0-beta.40/js/uikit-icons.min.js]
[cdnjs.cloudflare.com/ajax/libs/OwlCarousel2/2.2.1/owl.carousel.js]
[rubikcare.com/frontassets/js/script.js]
[www.gstatic.com/firebasejs/8.3.1/firebase-app.js]
[www.gstatic.com/firebasejs/8.3.1/firebase-messaging.js]
[www.gstatic.com/firebasejs/8.3.1/firebase-auth.js]
[www.gstatic.com/firebasejs/8.3.1/firebase-firestore.js]
[www.gstatic.com/firebasejs/8.3.1/firebase-analytics.js]
[rubikcare.com/frontassets/goes-without-saying-608.ogg]
[rubikcare.com/index.html]
[rubikcare.com/frontassets/css/bootstrap.min.css]
[rubikcare.com/assets/plugins/morris/morris.css]
[rubikcare.com/frontassets/global/plugins/simple-line-icons/fonts/Simple-Line-Icons.eot]
[rubikcare.com/frontassets/global/plugins/simple-line-icons/fonts/Simple-Line-Iconsd41d.eot]
[rubikcare.com/frontassets/global/plugins/simple-line-icons/fonts/Simple-Line-Icons.woff]
[rubikcare.com/frontassets/global/plugins/simple-line-icons/fonts/Simple-Line-Icons.ttf]
[rubikcare.com/frontassets/global/plugins/simple-line-icons/simple-line-icons.min.css]
[rubikcare.com/frontassets/global/plugins/datatables/datatables.min.css]
[rubikcare.com/frontassets/global/plugins/bootstrap-daterangepicker/daterangepicker.min.css]
[rubikcare.com/frontassets/global/plugins/bootstrap-datepicker/css/bootstrap-datepicker3.min.css]
[rubikcare.com/frontassets/global/plugins/bootstrap-timepicker/css/bootstrap-timepicker.min.css]
[rubikcare.com/frontassets/global/plugins/bootstrap-datetimepicker/css/bootstrap-datetimepicker.min.css]
[rubikcare.com/frontassets/global/plugins/clockface/css/clockface.css]
[rubikcare.com/frontassets/global/plugins/simple-line-icons/fonts/Simple-Line-Icons.svg]
[rubikcare.com/frontassets/global/css/Cairo-Regular.ttf]
[rubikcare.com/frontassets/global/img/remove-icon-small.png]
[rubikcare.com/frontassets/global/img/syncfusion-icons.png]
[rubikcare.com/frontassets/global/img/syncfusion-icons-white.png]
[rubikcare.com/frontassets/global/img/accordion-plusminus.png]
[rubikcare.com/frontassets/global/img/portlet-remove-icon.png]
[rubikcare.com/frontassets/global/img/portlet-config-icon.png]
[rubikcare.com/frontassets/global/img/portlet-reload-icon.png]
[rubikcare.com/frontassets/global/img/portlet-expand-icon.png]
[rubikcare.com/frontassets/global/img/portlet-collapse-icon.png]
[rubikcare.com/frontassets/global/img/portlet-remove-icon-white.png]
[rubikcare.com/frontassets/global/img/portlet-config-icon-white.png]
[rubikcare.com/frontassets/global/img/portlet-reload-icon-white.png]
[rubikcare.com/frontassets/global/img/portlet-expand-icon-white.png]
[rubikcare.com/frontassets/global/img/portlet-collapse-icon-white.png]
[rubikcare.com/frontassets/global/img/social/amazon.png]
[rubikcare.com/frontassets/global/img/social/behance.png]
[rubikcare.com/frontassets/global/img/social/blogger.png]
[rubikcare.com/frontassets/global/img/social/deviantart.png]
[rubikcare.com/frontassets/global/img/social/dribbble.png]
[rubikcare.com/frontassets/global/img/social/dropbox.png]
[rubikcare.com/frontassets/global/img/social/evernote.png]
[rubikcare.com/frontassets/global/img/social/facebook.png]
[rubikcare.com/frontassets/global/img/social/forrst.png]
[rubikcare.com/frontassets/global/img/social/github.png]
[rubikcare.com/frontassets/global/img/social/googleplus.png]
[rubikcare.com/frontassets/global/img/social/jolicloud.png]
[rubikcare.com/frontassets/global/img/social/last-fm.png]
[rubikcare.com/frontassets/global/img/social/linkedin.png]
[rubikcare.com/frontassets/global/img/social/picasa.png]
[rubikcare.com/frontassets/global/img/social/pintrest.png]
[rubikcare.com/frontassets/global/img/social/rss.png]
[rubikcare.com/frontassets/global/img/social/skype.png]
[rubikcare.com/frontassets/global/img/social/spotify.png]
[rubikcare.com/frontassets/global/img/social/stumbleupon.png]
[rubikcare.com/frontassets/global/img/social/tumblr.png]
[rubikcare.com/frontassets/global/img/social/twitter.png]
[rubikcare.com/frontassets/global/img/social/vimeo.png]
[rubikcare.com/frontassets/global/img/social/wordpress.png]
[rubikcare.com/frontassets/global/img/social/xing.png]
[rubikcare.com/frontassets/global/img/social/yahoo.png]
[rubikcare.com/frontassets/global/img/social/youtube.png]
[rubikcare.com/frontassets/global/img/social/vk.png]
[rubikcare.com/frontassets/global/img/social/instagram.png]
[rubikcare.com/frontassets/global/img/social/reddit.png]
[rubikcare.com/frontassets/global/img/social/aboutme.png]
[rubikcare.com/frontassets/global/img/social/flickr.png]
[rubikcare.com/frontassets/global/img/social/foursquare.png]
[rubikcare.com/frontassets/global/img/social/gravatar.png]
[rubikcare.com/frontassets/global/img/social/klout.png]
[rubikcare.com/frontassets/global/img/social/myspace.png]
[rubikcare.com/frontassets/global/img/social/quora.png]
[rubikcare.com/frontassets/global/css/components-rtl.min.css]
[rubikcare.com/frontassets/global/img/datatable-row-openclose.png]
[rubikcare.com/frontassets/global/plugins/datatables/images/sort_both.png]
[rubikcare.com/frontassets/global/plugins/datatables/images/sort_asc.png]
[rubikcare.com/frontassets/global/plugins/datatables/images/sort_desc.png]
[rubikcare.com/frontassets/global/plugins/datatables/images/sort_asc_disabled.png]
[rubikcare.com/frontassets/global/plugins/datatables/images/sort_desc_disabled.png]
[rubikcare.com/frontassets/global/css/plugins-rtl.min.css]
[rubikcare.com/frontassets/layouts/layout/img/icon-color.png]
[rubikcare.com/frontassets/layouts/layout/img/icon-color-close.png]
[rubikcare.com/frontassets/layouts/layout/css/layout-rtl.min.css]
[rubikcare.com/frontassets/layouts/layout/css/themes/darkblue-rtl.min.css]
[rubikcare.com/frontassets/layouts/layout/css/custom-rtl.min.css]
[rubikcare.com/frontassets/plugins/fontawesome/css/fontawesome.min.css]
[rubikcare.com/frontassets/plugins/fontawesome/webfonts/fa-brands-400.eot]
[rubikcare.com/frontassets/plugins/fontawesome/webfonts/fa-brands-400d41dd41d.eot]
[rubikcare.com/frontassets/plugins/fontawesome/webfonts/fa-brands-400.html]
[rubikcare.com/frontassets/plugins/fontawesome/webfonts/fa-brands-400.woff]
[rubikcare.com/frontassets/plugins/fontawesome/webfonts/fa-brands-400.ttf]
[rubikcare.com/frontassets/plugins/fontawesome/webfonts/fa-brands-400.svg]
[rubikcare.com/frontassets/plugins/fontawesome/webfonts/fa-regular-400.eot]
[rubikcare.com/frontassets/plugins/fontawesome/webfonts/fa-regular-400d41dd41d.eot]
[rubikcare.com/frontassets/plugins/fontawesome/webfonts/fa-regular-400.html]
[rubikcare.com/frontassets/plugins/fontawesome/webfonts/fa-regular-400.woff]
[rubikcare.com/frontassets/plugins/fontawesome/webfonts/fa-regular-400.ttf]
[rubikcare.com/frontassets/plugins/fontawesome/webfonts/fa-regular-400.svg]
[rubikcare.com/frontassets/plugins/fontawesome/webfonts/fa-solid-900.eot]
[rubikcare.com/frontassets/plugins/fontawesome/webfonts/fa-solid-900d41dd41d.eot]
[rubikcare.com/frontassets/plugins/fontawesome/webfonts/fa-solid-900.html]
[rubikcare.com/frontassets/plugins/fontawesome/webfonts/fa-solid-900.woff]
[rubikcare.com/frontassets/plugins/fontawesome/webfonts/fa-solid-900.ttf]
[rubikcare.com/frontassets/plugins/fontawesome/css/all.min.css]
[stackpath.bootstrapcdn.com/font-awesome/4.7.0/css/font-awesome.min.css]
[rubikcare.com/frontassets/plugins/select2/css/select2.min.css]
[cdnjs.cloudflare.com/ajax/libs/bootstrap-select/1.13.1/css/bootstrap-select.min.css]
[cdnjs.cloudflare.com/ajax/libs/flag-icon-css/0.8.2/css/flag-icon.min.css]
[rubikcare.com/assets/fonts/MaterialIcons-Regular.eot]
[rubikcare.com/assets/fonts/MaterialIcons-Regular.html]
[rubikcare.com/frontassets/plugins/fontawesome/webfonts/fa-solid-900.svg]
[rubikcare.com/assets/fonts/MaterialIcons-Regular.ttf]
[rubikcare.com/assets/css/style.css]
[rubikcare.com/frontassets/css/owl.carousel.min.css]
[rubikcare.com/frontassets/css/owl.theme.default.min.css]
[rubikcare.com/assets/fonts/MaterialIcons-Regular.woff]
[rubikcare.com/frontassets/fonts/MaterialIcons-Regular.eot]
[rubikcare.com/frontassets/fonts/MaterialIcons-Regular.html]
[rubikcare.com/frontassets/fonts/MaterialIcons-Regular.woff]
[rubikcare.com/frontassets/fonts/MaterialIcons-Regular.ttf]
[rubikcare.com/frontassets/css/style-profile.css]
[rubikcare.com/frontassets/img/location.png]
[rubikcare.com/frontassets/img/search.png]
[rubikcare.com/frontassets/css/style.css]
[rubikcare.com/frontassets/img/icons/ic_location.svg]
[rubikcare.com/frontassets/img/icons/s.svg]
[rubikcare.com/frontassets/img/icons/doctor.svg]
[rubikcare.com/frontassets/img/footer-back-img.jpg]
[rubikcare.com/frontassets/img/footer-shape.png]
[rubikcare.com/frontassets/styles.css]
[rubikcare.com/frontassets/enhancement.css]
[rubikcare.com/frontassets/responsive-en.css]
[rubikcare.com/frontassets/global/plugins/bootstrap-toastr/toastr-rtl.min.css]
[rubikcare.com/frontassets/plugins/fancybox/jquery.fancybox.min.css]
[rubikcare.com/frontassets/img/logo.svg]
[cdnjs.cloudflare.com/ajax/libs/OwlCarousel2/2.3.4/assets/owl.carousel.min.css]
[cdnjs.cloudflare.com/ajax/libs/font-awesome/4.7.0/css/font-awesome.min.css]
[rubikcare.com/Home/FindMedication269f.html]
[rubikcare.com/frontassets/img/medicine.png]
[rubikcare.com/frontassets/img/medical-report.png]
[rubikcare.com/frontassets/img/medicalreport.png]
[rubikcare.com/Patient/search.html]
[rubikcare.com/patient/Offers.html]
[api.rubikcare.com/Upload/reduced_2021101123432876096216&mask_group_62.png]
[rubikcare.com/Home/FindMedication9e32.html]
[api.rubikcare.com/Upload/reduced_2021101123432888096420&mask_group_61.png]
[rubikcare.com/Home/FindMedicationa990.html]
[api.rubikcare.com/Upload/reduced_20211011010357359612group_3007.png]
[rubikcare.com/Home/FindMedicationca9c.html]
[api.rubikcare.com/Upload/reduced_2021101109226659610download.png]
[rubikcare.com/Home/FindMedicationb405.html]
[api.rubikcare.com/Upload/reduced_20211011084876968mask_group_60.png]
[rubikcare.com/Home/FindMedication4ec6.html]
[api.rubikcare.com/Upload/reduced_20211011011303339614c_tyxa_qes_iy.png]
[rubikcare.com/Home/FindMedicationd9dd.html]
[api.rubikcare.com/Upload/reduced_202110110134089616fg_jt_h_8_t_btx.png]
[rubikcare.com/Home/FindMedicationddb5.html]
[api.rubikcare.com/Upload/reduced_20211011014568069618eq_2_b_ne_6_lkg.png]
[rubikcare.com/Home/FindMedicationf76d.html]
[api.rubikcare.com/Upload/reduced_20211011015303399620mask_group_36.png]
[rubikcare.com/Home/FindMedication164b.html]
[api.rubikcare.com/Upload/reduced_2021101101693019622mask_group_41.png]
[rubikcare.com/Home/FindMedicationfd98.html]
[api.rubikcare.com/Upload/reduced_20211011016374249624joanna_kosinska_m_vdz_v_h_ty_h_4_unsplash.png]
[rubikcare.com/Home/FindMedication6bf2.html]
[api.rubikcare.com/Upload/reduced_2022051610430626966vitamins-pills-bottle-732x549-thumbnail.jpg]
[rubikcare.com/Home/FindMedication00c9.html]
[api.rubikcare.com/Upload/reduced_202110110177339626mask_group_34.png]
[cdnjs.cloudflare.com/ajax/libs/jquery/3.3.1/jquery.min.js]
[rubikcare.com/Home/PatientPharmacyHome.html]
[rubikcare.com/home/BlogList.html]
[cdnjs.cloudflare.com/ajax/libs/OwlCarousel2/2.3.4/owl.carousel.min.js]
[rubikcare.com/frontassets/img/login-banner.png]
[api.rubikcare.com/country-flags-master/png250px/Eg.png]
[api.rubikcare.com/country-flags-master/png250px/FR.png]
[rubikcare.com/Shared/ForgetPasswordf857.html]
[rubikcare.com/patient/Loginf603.html]
[rubikcare.com/home/MyCart.html]
[rubikcare.com/Patient/Register/index.html]
[rubikcare.com/patient/Login.html]
[rubikcare.com/doctor/login.html]
[rubikcare.com/Shared/ForgetPasswordd73e.html]
[rubikcare.com/Pharmaceutical/login.html]
[rubikcare.com/Pharmacy/Login.html]
[rubikcare.com/Shared/ForgetPasswordbfd3.html]
[rubikcare.com/OtherProvider/Login.html]
[rubikcare.com/Pharmaceutical/Register/index.html]
[rubikcare.com/Doctor/Register/index.html]
[rubikcare.com/OtherProvider/ForgetPassword/index.html]
[rubikcare.com/Pharmacy/ForgetPassword/index.html]
[rubikcare.com/Pharmacy/Register/index.html]
[rubikcare.com/patient/Loginca43.html]
[rubikcare.com/patient/Loginf1eb.html]
[rubikcare.com/frontassets/img/icons/vedio-calll-active.svg]
[rubikcare.com/frontassets/img/icons/vedio-calll.svg]
[rubikcare.com/frontassets/img/icons/video-call-active.svg]
[rubikcare.com/frontassets/img/icons/video-call.svg]
[rubikcare.com/frontassets/img/icons/home-visit-active.svg]
[rubikcare.com/frontassets/img/icons/home-visit.svg]
[rubikcare.com/google.html]
[api.rubikcare.com/Upload/reduced_2022083014410252963MagazinePic-13-2.3.001-bigpicture_13_4.jpg]
[api.rubikcare.com/Upload/reduced_20220830144111309965MagazinePic-13-2.3.001-bigpicture_13_9_land.jpg]
[rubikcare.com/Home/DoctorProfile/10304.html]
[rubikcare.com/patient/Login711f.html]
[api.rubikcare.com/Upload/reduced_20220814103231349963Screenshot_2022-08-07-18-08-38-07_ca1a71a1135c2a347167a80005ca71b1.jpg]
[api.rubikcare.com/Upload/reduced_2022082417018676961Screenshot_2022-08-24-11-53-41-11_72b6eafcb2e5d21df7050bc8b461772c.jpg]
[api.rubikcare.com/Upload/reduced_2022080317317796962Screenshot_2022-01-03-20-20-51-20.jpg]
[api.rubikcare.com/Upload/reduced_20220803165955730961FB_IMG_1658582231240.jpg]
[rubikcare.com/Home/DoctorProfile/10283.html]
[rubikcare.com/patient/Login826d.html]
[4eshopping.com/assets/images/imageBloges/16148746812.png]
[4eshopping.com/assets/images/imageBloges/16148747283.png]
[4eshopping.com/assets/images/imageBloges/16148747694.png]
[rubikcare.com/Home/BlogDetails/29.html]
[s7.addthis.com/js/300/addthis_widget.js]
[4eshopping.com/assets/images/imageBloges/1618509435s.png]
[4eshopping.com/assets/images/imageBloges/1618509512Capture4.png]
[rubikcare.com/Home/BlogDetails/28.html]
[rubikcare.com/Home/BlogDetails/27.html]
[rubikcare.com/Home/BlogDetails/26.html]
[rubikcare.com/Home/BlogDetails/25.html]
[rubikcare.com/Home/Bloglist-2.html]
[rubikcare.com/Home/About.html]
[rubikcare.com/Home/ContactUs.html]
[rubikcare.com/Home/termsOfUse.html]
[rubikcare.com/Home/PrivacyPolicy.html]
[rubikcare.com/Home/DoctorPolicy.html]
[rubikcare.com/Home/helpsupport.html]
[rubikcare.com/Home/PharmacyPolicy.html]
[rubikcare.com/Home/PharmaPolicy.html]
[rubikcare.com/frontassets/global/plugins/simple-line-icons/fonts/Simple-Line-Icons.svg]
[rubikcare.com/frontassets/plugins/fontawesome/webfonts/fa-brands-400.html]
[rubikcare.com/frontassets/plugins/fontawesome/webfonts/fa-brands-400.svg]
[rubikcare.com/frontassets/plugins/fontawesome/webfonts/fa-regular-400.html]
[rubikcare.com/frontassets/plugins/fontawesome/webfonts/fa-regular-400.svg]
[rubikcare.com/frontassets/plugins/fontawesome/webfonts/fa-solid-900.html]
[rubikcare.com/frontassets/plugins/fontawesome/webfonts/fa-solid-900.svg]
[rubikcare.com/assets/fonts/MaterialIcons-Regular.html]
[rubikcare.com/frontassets/css/owl.video.play.html]
[rubikcare.com/frontassets/fonts/MaterialIcons-Regular.html]
[rubikcare.com/frontassets/assets/img/icons/ic_location.html]
[rubikcare.com/frontassets/assets/img/icons/s.html]
[rubikcare.com/frontassets/assets/img/icons/doctor.html]
[rubikcare.com/frontassets/assets/img/footer-back-img.html]
[rubikcare.com/frontassets/assets/img/footer-shape.html]
[rubikcare.com/frontassets/extra-images/sub-header.html]
[rubikcare.com/frontassets/img/icons/ic_location.svg]
[rubikcare.com/frontassets/img/icons/s.svg]
[rubikcare.com/frontassets/img/icons/doctor.svg]
[cdnjs.cloudflare.com/ajax/libs/OwlCarousel2/2.3.4/assets/owl.carousel.min.css]
[cdnjs.cloudflare.com/ajax/libs/font-awesome/4.7.0/css/font-awesome.min.css]
[cdnjs.cloudflare.com/ajax/libs/OwlCarousel2/2.3.4/assets/owl.video.play.png]
[rubikcare.com/Home/FindMedication.html]
[rubikcare.com/Home/FilterFindMedicationd9b9.html]
[rubikcare.com/Home/MedicineDetails003f.html]
[api.rubikcare.com/Upload/reduced_20220519135975269671617282554xoifree arabica.jpg]
[rubikcare.com/patient/Login2037.html]
[rubikcare.com/Home/MedicineDetailsfd6c.html]
[api.rubikcare.com/Upload/reduced_202112261545219479672100.jpg]
[rubikcare.com/patient/Login8b1a.html]
[rubikcare.com/Home/MedicineDetailsd939.html]
[api.rubikcare.com/Upload/reduced_202112261545443459674101.jpg]
[rubikcare.com/patient/Login89b4.html]
[rubikcare.com/Home/MedicineDetails5441.html]
[api.rubikcare.com/Upload/reduced_20211226154678269676102.jpg]
[rubikcare.com/patient/Login1725.html]
[rubikcare.com/Home/MedicineDetailsbe1c.html]
[api.rubikcare.com/Upload/reduced_202112261546294089678103.jpg]
[rubikcare.com/patient/Login4252.html]
[rubikcare.com/Home/MedicineDetails7cc7.html]
[api.rubikcare.com/Upload/reduced_202112261546471989680104.jpg]
[rubikcare.com/patient/Logincd32.html]
[rubikcare.com/Home/MedicineDetails527e.html]
[api.rubikcare.com/Upload/reduced_20211226154721629682105.jpg]
[rubikcare.com/patient/Loginb2f6.html]
[rubikcare.com/Home/MedicineDetailsebfe.html]
[api.rubikcare.com/Upload/reduced_202112261547188699684106.jpg]
[rubikcare.com/patient/Login4feb.html]
[rubikcare.com/Home/MedicineDetailsed44.html]
[rubikcare.com/patient/Login16b9.html]
[rubikcare.com/Home/MedicineDetailsa89f.html]
[api.rubikcare.com/Upload/reduced_202112261547536539688108.jpg]
[rubikcare.com/patient/Loginf0f7.html]
[rubikcare.com/Home/FindMedication269f.html]
[rubikcare.com/Home/MyCart-2.html]
[rubikcare.com/frontassets/global/plugins/ion.rangeslider/css/ion.rangeSlider.css]
[rubikcare.com/frontassets/global/plugins/ion.rangeslider/css/ion.rangeSlider.skinFlat.css]
[rubikcare.com/frontassets/global/plugins/ion.rangeslider/js/ion.rangeSlider.min.js]
[unpkg.com/range-slider-element@latest/dist/styles.171.delayed]
[unpkg.com/range-slider-element@1.0.0/dist/styles.css]
[rubikcare.com/Patient/search.html]
[rubikcare.com/patient/OfferDetails583d.html]
[api.rubikcare.com/Upload/reduced_20220915135424624961305660090_5616576078409706_8609010026474886472_n.jpg]
[rubikcare.com/patient/OfferDetails9b86.html]
[api.rubikcare.com/Upload/reduced_20220915141429868965306142821_5388445774572140_4500853736703682722_n.jpg]
[rubikcare.com/patient/OfferDetails79f1.html]
[api.rubikcare.com/Upload/reduced_20220915142350678969301951183_1150974065490500_7911571204989818573_n.jpg]
[rubikcare.com/patient/OfferDetailsc388.html]
[api.rubikcare.com/Upload/reduced_202209151427491649613306000702_5616576285076352_4477777432063879856_n.jpg]
[rubikcare.com/patient/Offers.html]
[rubikcare.com/Home/FilterFindMedication709a.html]
[rubikcare.com/Home/MedicineDetails6bef.html]
[api.rubikcare.com/Upload/reduced_2021122615221299964724.jpg]
[rubikcare.com/patient/Loginb2ff.html]
[rubikcare.com/Home/MedicineDetails38de.html]
[api.rubikcare.com/Upload/reduced_20211226152224199964925.jpg]
[rubikcare.com/patient/Login74e3.html]
[rubikcare.com/Home/MedicineDetailsb4f7.html]
[api.rubikcare.com/Upload/reduced_20211226152433359965626.jpg]
[rubikcare.com/patient/Login5c03.html]
[rubikcare.com/Home/MedicineDetailsd210.html]
[api.rubikcare.com/Upload/reduced_20211226152351386965427.jpg]
[rubikcare.com/patient/Login4633.html]
[rubikcare.com/Home/MedicineDetails644e.html]
[api.rubikcare.com/Upload/reduced_20211226152455542965828.jpg]
[rubikcare.com/patient/Login212e.html]
[rubikcare.com/Home/MedicineDetails4202.html]
[api.rubikcare.com/Upload/reduced_20211226152513592966029.jpg]
[rubikcare.com/patient/Login373f.html]
[rubikcare.com/Home/MedicineDetails5aae.html]
[api.rubikcare.com/Upload/reduced_20211226152536204966230.jpg]
[rubikcare.com/patient/Login2ff7.html]
[rubikcare.com/Home/MedicineDetailsea7c.html]
[api.rubikcare.com/Upload/reduced_20211226152552472966431.jpg]
[rubikcare.com/patient/Loginf3d5.html]
[rubikcare.com/Home/MedicineDetailsd8db.html]
[api.rubikcare.com/Upload/reduced_202112261526105966632.jpg]
[rubikcare.com/Home/FindMedication9e32.html]
[rubikcare.com/patient/Loginf238.html]
[rubikcare.com/Home/FilterFindMedication221d.html]
[rubikcare.com/Home/MedicineDetails7f9b.html]
[rubikcare.com/patient/Login9a74.html]
[rubikcare.com/Home/MedicineDetails87b6.html]
[rubikcare.com/patient/Login045b.html]
[rubikcare.com/Home/MedicineDetails865c.html]
[rubikcare.com/patient/Logina65f.html]
[rubikcare.com/Home/MedicineDetails8ab1.html]
[rubikcare.com/patient/Loginb491.html]
[rubikcare.com/Home/MedicineDetails86e3.html]
[api.rubikcare.com/Upload/reduced_202110121126125329618images (11).jpg]
[rubikcare.com/patient/Login41c4.html]
[rubikcare.com/Home/MedicineDetails45ea.html]
[api.rubikcare.com/Upload/reduced_20211012112592359616images (8).jpg]
[rubikcare.com/patient/Login2961.html]
[rubikcare.com/Home/MedicineDetailsda8a.html]
[api.rubikcare.com/Upload/reduced_202110121123385359614images (7).jpg]
[rubikcare.com/patient/Loginc509.html]
[rubikcare.com/Home/MedicineDetails8e06.html]
[api.rubikcare.com/Upload/reduced_202110121122182439612images (6).jpg]
[rubikcare.com/Home/FindMedicationa990.html]
[rubikcare.com/patient/Loginfdf2.html]
[rubikcare.com/Home/FilterFindMedication41a1.html]
[rubikcare.com/Home/MedicineDetails1f0e.html]
[api.rubikcare.com/Upload/reduced_20211012112046699969images (9).jpg]
[rubikcare.com/patient/Login53e0.html]
[rubikcare.com/Home/MedicineDetails5909.html]
[api.rubikcare.com/Upload/reduced_20211012111928523967download (4).jpg]
[rubikcare.com/patient/Login0659.html]
[rubikcare.com/Home/MedicineDetails4471.html]
[api.rubikcare.com/Upload/reduced_20211012111827119965images (4).jpg]
[rubikcare.com/patient/Login88e7.html]
[rubikcare.com/Home/MedicineDetails6a1b.html]
[api.rubikcare.com/Upload/reduced_20211012111720996963images (3).jpg]
[rubikcare.com/patient/Login0333.html]
[rubikcare.com/Home/MedicineDetails3cb9.html]
[api.rubikcare.com/Upload/reduced_2021101211159148961download (3).jpg]
[rubikcare.com/Home/FindMedicationca9c.html]
[rubikcare.com/patient/Login113a.html]
[rubikcare.com/Home/FilterFindMedication32e3.html]
[rubikcare.com/Home/MedicineDetails742e.html]
[api.rubikcare.com/Upload/reduced_202112261548132539690109.jpg]
[rubikcare.com/Home/FindMedicationb405.html]
[rubikcare.com/patient/Login0af4.html]
[rubikcare.com/Home/FilterFindMedication6636.html]
[rubikcare.com/Home/MedicineDetails8176.html]
[api.rubikcare.com/Upload/reduced_2021122615493529692110.jpg]
[rubikcare.com/patient/Login09e4.html]
[rubikcare.com/Home/MedicineDetails8d2d.html]
[rubikcare.com/patient/Login5ecb.html]
[rubikcare.com/Home/MedicineDetails5ebb.html]
[rubikcare.com/patient/Login88e7-2.html]
[rubikcare.com/Home/MedicineDetailsccfb.html]
[rubikcare.com/patient/Login1b36.html]
[rubikcare.com/Home/MedicineDetailsb31c.html]
[rubikcare.com/Home/FindMedication4ec6.html]
[rubikcare.com/patient/Login16cb.html]
[rubikcare.com/Home/FindMedicationd9dd.html]
[rubikcare.com/Home/FilterFindMedicationc14b.html]
[rubikcare.com/Home/FilterFindMedication9201.html]
[rubikcare.com/Home/MedicineDetailsa09f.html]
[rubikcare.com/patient/Logine41e.html]
[rubikcare.com/Home/MedicineDetailsa308.html]
[rubikcare.com/patient/Logineabf.html]
[rubikcare.com/Home/MedicineDetails5a5a.html]
[rubikcare.com/patient/Login8e33.html]
[rubikcare.com/Home/MedicineDetails5d5e.html]
[rubikcare.com/patient/Login76d1.html]
[rubikcare.com/Home/MedicineDetailsaab2.html]
[rubikcare.com/Home/FindMedicationddb5.html]
[rubikcare.com/patient/Login2e31.html]
[rubikcare.com/Home/FilterFindMedication413b.html]
[rubikcare.com/Home/MedicineDetails1fa1.html]
[api.rubikcare.com/Upload/reduced_202110122174689630images (8).jpg]
[rubikcare.com/patient/Loginebc5.html]
[rubikcare.com/Home/MedicineDetailsff44.html]
[api.rubikcare.com/Upload/reduced_20211011159558919628download (15).jpg]
[rubikcare.com/patient/Login9552.html]
[rubikcare.com/Home/MedicineDetails8e04.html]
[api.rubikcare.com/Upload/reduced_20211011158483029626download (14).jpg]
[rubikcare.com/patient/Login9cb0.html]
[rubikcare.com/Home/MedicineDetails16b8.html]
[api.rubikcare.com/Upload/reduced_20211011157557229624download (12).jpg]
[rubikcare.com/patient/Logind62a.html]
[rubikcare.com/Home/MedicineDetailsb0dd.html]
[api.rubikcare.com/Upload/reduced_20211011156511279622download (13).jpg]
[rubikcare.com/patient/Loginf24b.html]
[rubikcare.com/Home/MedicineDetails0519.html]
[api.rubikcare.com/Upload/reduced_20211011154258869619download (11).jpg]
[rubikcare.com/patient/Login021c.html]
[rubikcare.com/Home/MedicineDetails9bf2.html]
[api.rubikcare.com/Upload/reduced_20211011152376359617download (8).jpg]
[rubikcare.com/patient/Loginba61.html]
[rubikcare.com/Home/MedicineDetails8dc1.html]
[api.rubikcare.com/Upload/reduced_20211011151143709615download (9).jpg]
[rubikcare.com/patient/Logine759.html]
[rubikcare.com/Home/MedicineDetails4b29.html]
[api.rubikcare.com/Upload/reduced_20211011143492359613download (7).jpg]
[rubikcare.com/Home/FindMedicationf76d.html]
[rubikcare.com/patient/Loginffa0.html]
[rubikcare.com/Home/FilterFindMedicatione1d2.html]
[rubikcare.com/Home/MedicineDetails167e.html]
[api.rubikcare.com/Upload/reduced_202110122956009643download.jpg]
[rubikcare.com/patient/Loginc9e8.html]
[rubikcare.com/Home/MedicineDetailsdcbc.html]
[api.rubikcare.com/Upload/reduced_2021101227138249641images (2).jpg]
[rubikcare.com/patient/Logina5b1.html]
[rubikcare.com/Home/MedicineDetailsfeb5.html]
[api.rubikcare.com/Upload/reduced_2021101226144439639images (1).jpg]
[rubikcare.com/patient/Loginf184.html]
[rubikcare.com/Home/MedicineDetailsd3ea.html]
[api.rubikcare.com/Upload/reduced_2021101225169009637download (1).jpg]
[rubikcare.com/patient/Loginfee9.html]
[rubikcare.com/Home/MedicineDetails7900.html]
[api.rubikcare.com/Upload/202110122464099635400ml conditioner.png]
[rubikcare.com/patient/Login7cb8.html]
[rubikcare.com/Home/MedicineDetailsd91f.html]
[api.rubikcare.com/Upload/2021101222359639633400ml shampoo.png]
[rubikcare.com/Home/FindMedication164b.html]
[rubikcare.com/patient/Login807e.html]
[rubikcare.com/Home/FilterFindMedication02f0.html]
[rubikcare.com/Home/MedicineDetails0ce2.html]
[api.rubikcare.com/Upload/reduced_202110122132214996493600523560837_T1.jpg]
[rubikcare.com/patient/Login3255.html]
[rubikcare.com/Home/MedicineDetailse6c9.html]
[api.rubikcare.com/Upload/2021101221146463964730173590_T1 (1).jpg]
[rubikcare.com/patient/Login3fee.html]
[rubikcare.com/Home/MedicineDetails5b31.html]
[api.rubikcare.com/Upload/20211012210312796453600522832621_T1.jpg]
[rubikcare.com/Home/FindMedicationfd98.html]
[rubikcare.com/patient/Login4eea.html]
[rubikcare.com/Home/FindMedication6bf2.html]
[rubikcare.com/Home/FilterFindMedication250c.html]
[rubikcare.com/Home/FilterFindMedication4e6c.html]
[rubikcare.com/Home/MedicineDetails4fb5.html]
[api.rubikcare.com/Upload/reduced_20211011141489409611images (5).jpg]
[rubikcare.com/patient/Login30f8.html]
[rubikcare.com/Home/MedicineDetailsc8f9.html]
[api.rubikcare.com/Upload/reduced_2021101113920242969download (6).jpg]
[rubikcare.com/patient/Login3ad2.html]
[rubikcare.com/Home/MedicineDetails62e3.html]
[api.rubikcare.com/Upload/reduced_2021101113559491967download (5).jpg]
[rubikcare.com/patient/Login96e9.html]
[rubikcare.com/Home/MedicineDetails2327.html]
[api.rubikcare.com/Upload/reduced_202110111351179965download (4).jpg]
[rubikcare.com/patient/Logineb3a.html]
[rubikcare.com/Home/MedicineDetails8bf5.html]
[api.rubikcare.com/Upload/reduced_2021101113237939963download (3).jpg]
[rubikcare.com/Home/FindMedication00c9.html]
[api.rubikcare.com/country-flags-master/png250px/S.A.html]
[api.rubikcare.com/country-flags-master/png250px/Q.html]
[rubikcare.com/patient/Logineaa7.html]
[rubikcare.com/frontassets/global/img/auth/padlock.png]
[rubikcare.com/Shared/ForgetPasswordf857.html]
[rubikcare.com/frontassets/global/plugins/datatables/plugins/bootstrap/datatables.bootstrap-rtl.css]
[maxcdn.bootstrapcdn.com/bootstrap/3.3.6/css/bootstrap.min.css]
[cdnjs.cloudflare.com/ajax/libs/intl-tel-input/8.4.6/css/intlTelInput.css]
[rubikcare.com/doctor/register.html]
[rubikcare.com/patient/login-2.html]
[connect.facebook.net/en_US/sdk.js]
[apis.google.com/js/platform.js]
[apis.google.com/js/api_client.js]
[rubikcare.com/Patient/Register/index.html]
[rubikcare.com/Shared/ForgetPasswordd73e.html]
[rubikcare.com/Doctor/Register/index.html]
[rubikcare.com/Shared/ForgetPasswordbfd3.html]
[rubikcare.com/Pharmaceutical/Register/index.html]
[rubikcare.com/Pharmacy/ForgetPassword/index.html]
[polyfill.io/v3/polyfill.min2174.js]
[rubikcare.com/frontassets/global/img/auth/register.png]
[rubikcare.com/frontassets/global/img/auth/user.png]
[rubikcare.com/frontassets/global/img/user.png]
[e4clinicdevapi.ekadsoft.org/images/DefaultPharmacy.png]
[rubikcare.com/Pharmacy/Login/index.html]
[cdn-icons-png.flaticon.com/512/136/136522.png]
[rubikcare.com/Pharmacy/Register/index.html]
[rubikcare.com/OtherProvider/ForgetPassword/index.html]
[rubikcare.com/Home/FilterFindMedicationba2f.html]
[rubikcare.com/Home/MedicineDetailsed1a.html]
[api.rubikcare.com/Upload/reduced_202112261549249549694111.jpg]
[rubikcare.com/patient/Login9f78.html]
[rubikcare.com/Home/MedicineDetails81b0.html]
[api.rubikcare.com/Upload/202112261549405529696112.jpg]
[rubikcare.com/patient/Loginbf5e.html]
[rubikcare.com/Home/MedicineDetails0fa5.html]
[api.rubikcare.com/Upload/reduced_202112261549578559698113.jpg]
[rubikcare.com/patient/Login343f.html]
[rubikcare.com/Home/MedicineDetails7acb.html]
[api.rubikcare.com/Upload/reduced_2021122615501592096100114.jpg]
[rubikcare.com/patient/Loginf859.html]
[rubikcare.com/Home/MedicineDetails0a9c.html]
[api.rubikcare.com/Upload/reduced_20211226152628377966833.jpg]
[rubikcare.com/patient/Login7954.html]
[rubikcare.com/Home/MedicineDetailsf555.html]
[api.rubikcare.com/Upload/reduced_20211226152734318967034.jpg]
[rubikcare.com/patient/Loginec9d.html]
[rubikcare.com/Home/MedicineDetailse985.html]
[api.rubikcare.com/Upload/reduced_202112261500954961104637.jpg]
[rubikcare.com/patient/Logind58f.html]
[rubikcare.com/Home/MedicineDetailsb5aa.html]
[api.rubikcare.com/Upload/reduced_20211226150183929632.jpg]
[rubikcare.com/patient/Login5315.html]
[rubikcare.com/Home/MedicineDetails64b9.html]
[api.rubikcare.com/Upload/reduced_20211226150356059653.jpg]
[rubikcare.com/patient/Login9be9.html]
[rubikcare.com/Home/MedicineDetailsdad8.html]
[api.rubikcare.com/Upload/reduced_202112261516689674.jpg]
[rubikcare.com/patient/Loginf979.html]
[rubikcare.com/Home/MedicineDetails32ed.html]
[api.rubikcare.com/Upload/reduced_2021122615212209695.jpg]
[rubikcare.com/patient/Logina4d4.html]
[rubikcare.com/Home/MedicineDetails248a.html]
[api.rubikcare.com/Upload/reduced_202112261522720196116.jpg]
[rubikcare.com/patient/Login5f26.html]
[rubikcare.com/Home/MedicineDetailsc487.html]
[api.rubikcare.com/Upload/reduced_202112261524155296137.jpg]
[rubikcare.com/patient/Logina22c.html]
[rubikcare.com/Home/MedicineDetails9d0d.html]
[api.rubikcare.com/Upload/reduced_20211226153132896158.jpg]
[rubikcare.com/patient/Logina1d9.html]
[rubikcare.com/Home/MedicineDetailsa560.html]
[api.rubikcare.com/Upload/reduced_202112261532186396179.png]
[rubikcare.com/patient/Login7516.html]
[rubikcare.com/Home/MedicineDetailsdb87.html]
[api.rubikcare.com/Upload/reduced_2021122615341376961910.jpg]
[rubikcare.com/patient/Loginb10e.html]
[rubikcare.com/Home/MedicineDetails5ff7.html]
[api.rubikcare.com/Upload/reduced_2021122615420948962111.jpg]
[rubikcare.com/patient/Login819f.html]
[rubikcare.com/Home/MedicineDetailsa82c.html]
[api.rubikcare.com/Upload/reduced_2021122615441521962312.jpg]
[rubikcare.com/patient/Login4237.html]
[rubikcare.com/Home/MedicineDetailse8d1.html]
[api.rubikcare.com/Upload/reduced_202112261552263962513.jpg]
[rubikcare.com/patient/Login53ad.html]
[rubikcare.com/Home/MedicineDetailsead9.html]
[api.rubikcare.com/Upload/reduced_2021122615612985962714.jpg]
[rubikcare.com/patient/Login3921.html]
[rubikcare.com/Home/MedicineDetailsffe2.html]
[api.rubikcare.com/Upload/reduced_2021122615627456962915.jpg]
[rubikcare.com/patient/Logind5fd.html]
[rubikcare.com/Home/MedicineDetailsd380.html]
[api.rubikcare.com/Upload/reduced_2021122615648252963116.jpg]
[rubikcare.com/patient/Login60f2.html]
[rubikcare.com/Home/MedicineDetails63eb.html]
[api.rubikcare.com/Upload/reduced_202112261572360963317.jpg]
[rubikcare.com/patient/Login2737.html]
[rubikcare.com/Home/MedicineDetails9d5a.html]
[api.rubikcare.com/Upload/reduced_2021122615756458963518.jpg]
[rubikcare.com/patient/Login62d8.html]
[rubikcare.com/Home/MedicineDetailsbb2e.html]
[api.rubikcare.com/Upload/reduced_2021122615815440963719.jpg]
[rubikcare.com/patient/Login9f68.html]
[rubikcare.com/Home/MedicineDetails0e00.html]
[api.rubikcare.com/Upload/reduced_2021122615838672963920.jpg]
[rubikcare.com/patient/Login7d12.html]
[rubikcare.com/Home/MedicineDetailse979.html]
[api.rubikcare.com/Upload/reduced_2021122615856861964121.png]
[rubikcare.com/patient/Login9a69.html]
[rubikcare.com/Home/MedicineDetailsad48.html]
[api.rubikcare.com/Upload/reduced_2021122615916914964322.jpg]
[rubikcare.com/patient/Login116b.html]
[rubikcare.com/Home/MedicineDetailsf6a7.html]
[api.rubikcare.com/Upload/reduced_2021122615939705964523.jpg]
[rubikcare.com/patient/Loginea6a.html]
[rubikcare.com/Home/MedicineDetailse31d.html]
[rubikcare.com/patient/Loginc6e3.html]
[rubikcare.com/Home/MedicineDetailsae31.html]
[rubikcare.com/patient/Loginc3ea.html]
[rubikcare.com/Home/MedicineDetails42e3.html]
[rubikcare.com/patient/Loginefed.html]
[rubikcare.com/Home/MedicineDetailscd64.html]
[rubikcare.com/patient/Login13f8.html]
[rubikcare.com/Home/MedicineDetails4041.html]
[rubikcare.com/patient/Login5c8c.html]
[rubikcare.com/Home/MedicineDetails8f16.html]
[api.rubikcare.com/Upload/reduced_202110121231129896523600522480143_T1.jpg]
[rubikcare.com/patient/Logine45c.html]
[rubikcare.com/Home/MedicineDetails2eaf.html]
[rubikcare.com/patient/Login5335.html]
[rubikcare.com/Home/MedicineDetails3164.html]
[rubikcare.com/patient/Loginec98.html]
[rubikcare.com/Home/MedicineDetailsef12.html]
[rubikcare.com/patient/Login3eb3.html]
[rubikcare.com/Home/MedicineDetails1cef.html]
[api.rubikcare.com/Upload/2021080995159897963فرافيرو.jpg]
[rubikcare.com/patient/Login6d8d.html]
[rubikcare.com/Home/MedicineDetails913b.html]
[rubikcare.com/patient/Loginab67.html]
[rubikcare.com/Home/MedicineDetails8934.html]
[rubikcare.com/patient/Loginf723.html]
[rubikcare.com/Home/MedicineDetailsb191.html]
[rubikcare.com/patient/Login571d.html]
[rubikcare.com/Home/MedicineDetails254c.html]
[api.rubikcare.com/Upload/reduced_202110111289701961144903687_3787713267976078_418614468445293358_n.jpg]
[rubikcare.com/patient/Login8b63.html]
[rubikcare.com/Home/MedicineDetails252d.html]
[rubikcare.com/Home/FindMedication.html]
[rubikcare.com/patient/Login56f9.html]
[rubikcare.com/Home/FindMedicationbf20.html]
[rubikcare.com/Home/FindMedication9bd9.html]
[rubikcare.com/Home/FindMedication4134.html]
[rubikcare.com/Home/FindMedication73a4.html]
[rubikcare.com/Home/FindMedication4648.html]
[rubikcare.com/Home/FindMedicationd557.html]
[rubikcare.com/Home/FindMedication774d.html]
[rubikcare.com/Home/FindMedication29b5.html]
[rubikcare.com/Home/FindMedication3a3d.html]
[rubikcare.com/Home/FindMedication1f86.html]
[rubikcare.com/Home/FindMedication87c5.html]
[rubikcare.com/Home/FindMedicationcacf.html]
[rubikcare.com/Home/FindMedicationa2bb.html]
[rubikcare.com/Home/FindMedicationf01e.html]
[rubikcare.com/Home/FindMedication93ef.html]
[rubikcare.com/Home/FindMedication9774.html]
[rubikcare.com/assets/img/profiles/avatar-01.jpg]
[rubikcare.com/Home/FindMedicationaca4.html]
[rubikcare.com/Home/FindMedication3544.html]
[rubikcare.com/Home/FindMedicatione4b5.html]
[api.rubikcare.com/Upload/202108081738526419641238188_428358870597451_1995294032_n.jpg]
[rubikcare.com/Home/FilterFindMedicationd9b9.html]
[rubikcare.com/Home/MedicineDetails003f.html]
[rubikcare.com/patient/Login2037.html]
[rubikcare.com/Home/MedicineDetailsfd6c.html]
[rubikcare.com/patient/Login8b1a.html]
[rubikcare.com/Home/MedicineDetailsd939.html]
[rubikcare.com/patient/Login89b4.html]
[rubikcare.com/Home/MedicineDetails5441.html]
[rubikcare.com/patient/Login1725.html]
[rubikcare.com/Home/MedicineDetailsbe1c.html]
[rubikcare.com/patient/Login4252.html]
[rubikcare.com/Home/MedicineDetails7cc7.html]
[rubikcare.com/patient/Logincd32.html]
[rubikcare.com/Home/MedicineDetails527e.html]
[rubikcare.com/patient/Loginb2f6.html]
[rubikcare.com/Home/MedicineDetailsebfe.html]
[rubikcare.com/patient/Login4feb.html]
[rubikcare.com/Home/MedicineDetailsed44.html]
[rubikcare.com/patient/Login16b9.html]
[rubikcare.com/Home/MedicineDetailsa89f.html]
[rubikcare.com/patient/Loginf0f7.html]
[rubikcare.com/Home/MyCart-2.html]
[rubikcare.com/frontassets/global/plugins/ion.rangeslider/css/ion.rangeSlider.css]
[rubikcare.com/frontassets/global/plugins/ion.rangeslider/img/sprite-skin-flat.png]
[rubikcare.com/frontassets/global/plugins/ion.rangeslider/css/ion.rangeSlider.skinFlat.css]
[unpkg.com/range-slider-element@1.0.0/dist/styles.css]
[rubikcare.com/Patient/assets/img/img-06.html]
[api.rubikcare.com/Upload/reduced_20220915135425475963305660090_5616576078409706_8609010026474886472_n.jpg]
[api.rubikcare.com/Upload/reduced_2022081493531866963images10.jpg]
[rubikcare.com/patient/OfferDetails583d.html]
[rubikcare.com/patient/Login482b.html]
[api.rubikcare.com/Upload/reduced_20220915141430287967306142821_5388445774572140_4500853736703682722_n.jpg]
[api.rubikcare.com/Upload/reduced_202208242361411963images (1)3.jpg]
[rubikcare.com/patient/OfferDetails9b86.html]
[rubikcare.com/patient/Logincd86.html]
[api.rubikcare.com/Upload/reduced_202209151423513439612301951183_1150974065490500_7911571204989818573_n.jpg]
[api.rubikcare.com/Upload/reduced_20220903135256824964PharmacyImage&Screenshot_2022-08-30-14-14-37-50_40deb401b9ffe8e1df2f1cc5ba480b12.jpg]
[rubikcare.com/patient/Login3be6.html]
[rubikcare.com/patient/OfferDetails79f1.html]
[rubikcare.com/patient/Login85c1.html]
[api.rubikcare.com/Upload/reduced_202209151427502559616306000702_5616576285076352_4477777432063879856_n.jpg]
[rubikcare.com/patient/Login598d.html]
[rubikcare.com/patient/Login9e5a.html]
[rubikcare.com/patient/Logina584.html]
[api.rubikcare.com/images/DefaultPharmacy.png]
[rubikcare.com/patient/OfferDetailsc388.html]
[rubikcare.com/patient/Login3772.html]
[rubikcare.com/Home/FindMedication9b8f.html]
[rubikcare.com/Home/FindMedication54d6.html]
[rubikcare.com/Home/FindMedication4e25.html]
[rubikcare.com/Home/FindMedicationaf43.html]
[rubikcare.com/Home/FindMedication0df1.html]
[rubikcare.com/Home/FindMedicationa6e8.html]
[rubikcare.com/Home/FindMedication14e4.html]
[rubikcare.com/Home/FindMedication2897.html]
[rubikcare.com/Home/FindMedication8deb.html]
[rubikcare.com/Home/FindMedication2ccd.html]
[rubikcare.com/Home/FindMedication1aff.html]
[rubikcare.com/Home/FindMedication4d9f.html]
[rubikcare.com/Home/FindMedication3c92.html]
[rubikcare.com/Home/FindMedication95f7.html]
[rubikcare.com/Home/FindMedication193f.html]
[rubikcare.com/Home/FindMedicatione12e.html]
[rubikcare.com/Home/FindMedicationd952.html]
[rubikcare.com/Home/FindMedication35ee.html]
[rubikcare.com/Home/FilterFindMedication709a.html]
[rubikcare.com/Home/MedicineDetails6bef.html]
[rubikcare.com/Home/FindMedication39f8.html]
[rubikcare.com/patient/Loginb2ff.html]
[rubikcare.com/Home/MedicineDetails38de.html]
[rubikcare.com/patient/Login74e3.html]
[rubikcare.com/Home/MedicineDetailsb4f7.html]
[rubikcare.com/patient/Login5c03.html]
[rubikcare.com/Home/MedicineDetailsd210.html]
[rubikcare.com/patient/Login4633.html]
[rubikcare.com/Home/MedicineDetails644e.html]
[rubikcare.com/patient/Login212e.html]
[rubikcare.com/Home/MedicineDetails4202.html]
[rubikcare.com/patient/Login373f.html]
[rubikcare.com/Home/MedicineDetails5aae.html]
[rubikcare.com/patient/Login2ff7.html]
[rubikcare.com/Home/MedicineDetailsea7c.html]
[rubikcare.com/patient/Loginf3d5.html]
[rubikcare.com/Home/MedicineDetailsd8db.html]
[rubikcare.com/patient/Loginf238.html]
[rubikcare.com/Home/FindMedication221d.html]
[rubikcare.com/Home/FindMedication41a1.html]
[rubikcare.com/Home/FindMedication32e3.html]
[rubikcare.com/Home/FindMedication6636.html]
[rubikcare.com/Home/FindMedicationc14b.html]
[rubikcare.com/Home/FindMedication9201.html]
[rubikcare.com/Home/FindMedication413b.html]
[rubikcare.com/Home/FindMedicatione1d2.html]
[rubikcare.com/Home/FindMedication02f0.html]
[rubikcare.com/Home/FindMedication250c.html]
[rubikcare.com/Home/FindMedication4e6c.html]
[rubikcare.com/Home/FindMedication037d.html]
[rubikcare.com/Home/FindMedication1dfc.html]
[rubikcare.com/Home/FindMedication8c94.html]
[rubikcare.com/Home/FindMedicatione8cc.html]
[rubikcare.com/Home/FilterFindMedication221d.html]
[rubikcare.com/Home/MedicineDetails7f9b.html]
[rubikcare.com/patient/Login9a74.html]
[rubikcare.com/Home/MedicineDetails87b6.html]
[rubikcare.com/patient/Login045b.html]
[rubikcare.com/Home/MedicineDetails865c.html]
[rubikcare.com/patient/Logina65f.html]
[rubikcare.com/Home/MedicineDetails8ab1.html]
[rubikcare.com/patient/Loginb491.html]
[rubikcare.com/Home/MedicineDetails86e3.html]
[rubikcare.com/patient/Login41c4.html]
[rubikcare.com/Home/MedicineDetails45ea.html]
[rubikcare.com/patient/Login2961.html]
[rubikcare.com/Home/MedicineDetailsda8a.html]
[rubikcare.com/patient/Loginc509.html]
[rubikcare.com/Home/MedicineDetails8e06.html]
[rubikcare.com/patient/Loginfdf2.html]
[rubikcare.com/Home/FilterFindMedication41a1.html]
[rubikcare.com/Home/MedicineDetails1f0e.html]
[rubikcare.com/patient/Login53e0.html]
[rubikcare.com/Home/MedicineDetails5909.html]
[rubikcare.com/patient/Login0659.html]
[rubikcare.com/Home/MedicineDetails4471.html]
[rubikcare.com/patient/Login88e7.html]
[rubikcare.com/Home/MedicineDetails6a1b.html]
[rubikcare.com/patient/Login0333.html]
[rubikcare.com/Home/MedicineDetails3cb9.html]
[rubikcare.com/patient/Login113a.html]
[rubikcare.com/Home/FilterFindMedication32e3.html]
[rubikcare.com/Home/MedicineDetails742e.html]
[rubikcare.com/patient/Login0af4.html]
[rubikcare.com/Home/FilterFindMedication6636.html]
[rubikcare.com/Home/MedicineDetails8176.html]
[rubikcare.com/patient/Login09e4.html]
[rubikcare.com/Home/MedicineDetails8d2d.html]
[rubikcare.com/patient/Login5ecb.html]
[rubikcare.com/Home/MedicineDetails5ebb.html]
[rubikcare.com/patient/Login88e7-2.html]
[rubikcare.com/Home/MedicineDetailsccfb.html]
[rubikcare.com/patient/Login1b36.html]
[rubikcare.com/Home/MedicineDetailsb31c.html]
[rubikcare.com/patient/Login16cb.html]
[rubikcare.com/Home/FilterFindMedicationc14b.html]
[rubikcare.com/Home/FilterFindMedication9201.html]
[rubikcare.com/Home/MedicineDetailsa09f.html]
[rubikcare.com/patient/Logine41e.html]
[rubikcare.com/Home/MedicineDetailsa308.html]
[rubikcare.com/patient/Logineabf.html]
[rubikcare.com/Home/MedicineDetails5a5a.html]
[rubikcare.com/patient/Login8e33.html]
[rubikcare.com/Home/MedicineDetails5d5e.html]
[rubikcare.com/patient/Login76d1.html]
[rubikcare.com/Home/MedicineDetailsaab2.html]
[rubikcare.com/patient/Login2e31.html]
[rubikcare.com/Home/FilterFindMedication413b.html]
[rubikcare.com/Home/MedicineDetails1fa1.html]
[rubikcare.com/patient/Loginebc5.html]
[rubikcare.com/Home/MedicineDetailsff44.html]
[rubikcare.com/patient/Login9552.html]
[rubikcare.com/Home/MedicineDetails8e04.html]
[rubikcare.com/patient/Login9cb0.html]
[rubikcare.com/Home/MedicineDetails16b8.html]
[rubikcare.com/patient/Logind62a.html]
[rubikcare.com/Home/MedicineDetailsb0dd.html]
[rubikcare.com/patient/Loginf24b.html]
[rubikcare.com/Home/MedicineDetails0519.html]
[rubikcare.com/patient/Login021c.html]
[rubikcare.com/Home/MedicineDetails9bf2.html]
[rubikcare.com/patient/Loginba61.html]
[rubikcare.com/Home/MedicineDetails8dc1.html]
[rubikcare.com/patient/Logine759.html]
[rubikcare.com/Home/MedicineDetails4b29.html]
[rubikcare.com/patient/Loginffa0.html]
[rubikcare.com/Home/FilterFindMedicatione1d2.html]
[rubikcare.com/Home/MedicineDetails167e.html]
[rubikcare.com/patient/Loginc9e8.html]
[rubikcare.com/Home/MedicineDetailsdcbc.html]
[rubikcare.com/patient/Logina5b1.html]
[rubikcare.com/Home/MedicineDetailsfeb5.html]
[rubikcare.com/patient/Loginf184.html]
[rubikcare.com/Home/MedicineDetailsd3ea.html]
[rubikcare.com/patient/Loginfee9.html]
[rubikcare.com/Home/MedicineDetails7900.html]
[rubikcare.com/patient/Login7cb8.html]
[rubikcare.com/Home/MedicineDetailsd91f.html]
[rubikcare.com/patient/Login807e.html]
[rubikcare.com/Home/FilterFindMedication02f0.html]
[rubikcare.com/Home/MedicineDetails0ce2.html]
[rubikcare.com/patient/Login3255.html]
[rubikcare.com/Home/MedicineDetailse6c9.html]
[rubikcare.com/patient/Login3fee.html]
[rubikcare.com/Home/MedicineDetails5b31.html]
[rubikcare.com/patient/Login4eea.html]
[rubikcare.com/Home/FilterFindMedication250c.html]
[rubikcare.com/Home/FilterFindMedication4e6c.html]
[rubikcare.com/Home/MedicineDetails4fb5.html]
[rubikcare.com/patient/Login30f8.html]
[rubikcare.com/Home/MedicineDetailsc8f9.html]
[rubikcare.com/patient/Login3ad2.html]
[rubikcare.com/Home/MedicineDetails62e3.html]
[rubikcare.com/patient/Login96e9.html]
[rubikcare.com/Home/MedicineDetails2327.html]
[rubikcare.com/patient/Logineb3a.html]
[rubikcare.com/Home/MedicineDetails8bf5.html]
[rubikcare.com/patient/Logineaa7.html]
[rubikcare.com/frontassets/global/plugins/datatables/plugins/bootstrap/datatables.bootstrap-rtl.css]
[maxcdn.bootstrapcdn.com/bootstrap/3.3.6/css/bootstrap.min.css]
[cdnjs.cloudflare.com/ajax/libs/intl-tel-input/8.4.6/img/flags.png]
[cdnjs.cloudflare.com/ajax/libs/intl-tel-input/8.4.6/css/intlTelInput.css]
[rubikcare.com/doctor/register.html]
[cdnjs.cloudflare.com/ajax/libs/intl-tel-input/8.4.6/img/flags@2x.png]
[rubikcare.com/patient/login-2.html]
[connect.facebook.net/en_US/sdk.js]
[rubikcare.com/Pharmacy/Login/index.html]
[rubikcare.com/Home/FindMedicationb78d.html]
[rubikcare.com/Home/FindMedication3200.html]
[rubikcare.com/Home/FindMedicationb59f.html]
[rubikcare.com/Home/FindMedication786c.html]
[rubikcare.com/Home/FindMedication4912.html]
[rubikcare.com/Home/FindMedication9d1e.html]
[rubikcare.com/Home/FindMedication7833.html]
[rubikcare.com/Home/FindMedication77fa.html]
[rubikcare.com/Home/FindMedicationcebd.html]
[rubikcare.com/Home/FindMedication609e.html]
[rubikcare.com/Home/FindMedication411f.html]
[rubikcare.com/Home/FindMedication7758.html]
[rubikcare.com/Home/FindMedicationf798.html]
[rubikcare.com/Home/FindMedication3f53.html]
[rubikcare.com/Home/FindMedicationf422.html]
[rubikcare.com/Home/FindMedication15ab.html]
[rubikcare.com/Home/FindMedication0633.html]
[rubikcare.com/Home/FindMedication14fc.html]
[rubikcare.com/Home/FilterFindMedicationba2f.html]
[rubikcare.com/Home/MedicineDetailsed1a.html]
[rubikcare.com/Home/FindMedication2943.html]
[rubikcare.com/patient/Login9f78.html]
[rubikcare.com/Home/MedicineDetails81b0.html]
[rubikcare.com/patient/Loginbf5e.html]
[rubikcare.com/Home/MedicineDetails0fa5.html]
[rubikcare.com/patient/Login343f.html]
[rubikcare.com/Home/MedicineDetails7acb.html]
[rubikcare.com/patient/Loginf859.html]
[rubikcare.com/Home/MedicineDetails0a9c.html]
[rubikcare.com/patient/Login7954.html]
[rubikcare.com/Home/MedicineDetailsf555.html]
[rubikcare.com/patient/Loginec9d.html]
[rubikcare.com/Home/MedicineDetailse985.html]
[rubikcare.com/patient/Logind58f.html]
[rubikcare.com/Home/MedicineDetailsb5aa.html]
[rubikcare.com/patient/Login5315.html]
[rubikcare.com/Home/MedicineDetails64b9.html]
[rubikcare.com/patient/Login9be9.html]
[rubikcare.com/Home/MedicineDetailsdad8.html]
[rubikcare.com/patient/Loginf979.html]
[rubikcare.com/Home/MedicineDetails32ed.html]
[rubikcare.com/patient/Logina4d4.html]
[rubikcare.com/Home/MedicineDetails248a.html]
[rubikcare.com/patient/Login5f26.html]
[rubikcare.com/Home/MedicineDetailsc487.html]
[rubikcare.com/patient/Logina22c.html]
[rubikcare.com/Home/MedicineDetails9d0d.html]
[rubikcare.com/patient/Logina1d9.html]
[rubikcare.com/Home/MedicineDetailsa560.html]
[rubikcare.com/patient/Login7516.html]
[rubikcare.com/Home/MedicineDetailsdb87.html]
[rubikcare.com/patient/Loginb10e.html]
[rubikcare.com/Home/MedicineDetails5ff7.html]
[rubikcare.com/patient/Login819f.html]
[rubikcare.com/Home/MedicineDetailsa82c.html]
[rubikcare.com/patient/Login4237.html]
[rubikcare.com/Home/MedicineDetailse8d1.html]
[rubikcare.com/patient/Login53ad.html]
[rubikcare.com/Home/MedicineDetailsead9.html]
[rubikcare.com/patient/Login3921.html]
[rubikcare.com/Home/MedicineDetailsffe2.html]
[rubikcare.com/patient/Logind5fd.html]
[rubikcare.com/Home/MedicineDetailsd380.html]
[rubikcare.com/patient/Login60f2.html]
[rubikcare.com/Home/MedicineDetails63eb.html]
[rubikcare.com/patient/Login2737.html]
[rubikcare.com/Home/MedicineDetails9d5a.html]
[rubikcare.com/patient/Login62d8.html]
[rubikcare.com/Home/MedicineDetailsbb2e.html]
[rubikcare.com/patient/Login9f68.html]
[rubikcare.com/Home/MedicineDetails0e00.html]
[rubikcare.com/patient/Login7d12.html]
[rubikcare.com/Home/MedicineDetailse979.html]
[rubikcare.com/patient/Login9a69.html]
[rubikcare.com/Home/MedicineDetailsad48.html]
[rubikcare.com/patient/Login116b.html]
[rubikcare.com/Home/MedicineDetailsf6a7.html]
[rubikcare.com/patient/Loginea6a.html]
[rubikcare.com/Home/MedicineDetailse31d.html]
[rubikcare.com/patient/Loginc6e3.html]
[rubikcare.com/Home/MedicineDetailsae31.html]
[rubikcare.com/patient/Loginc3ea.html]
[rubikcare.com/Home/MedicineDetails42e3.html]
[rubikcare.com/patient/Loginefed.html]
[rubikcare.com/Home/MedicineDetailscd64.html]
[rubikcare.com/patient/Login13f8.html]
[rubikcare.com/Home/MedicineDetails4041.html]
[rubikcare.com/patient/Login5c8c.html]
[rubikcare.com/Home/MedicineDetails8f16.html]
[rubikcare.com/patient/Logine45c.html]
[rubikcare.com/Home/MedicineDetails2eaf.html]
[rubikcare.com/patient/Login5335.html]
[rubikcare.com/Home/MedicineDetails3164.html]
[rubikcare.com/patient/Loginec98.html]
[rubikcare.com/Home/MedicineDetailsef12.html]
[rubikcare.com/patient/Login3eb3.html]
[rubikcare.com/Home/MedicineDetails1cef.html]
[rubikcare.com/patient/Login6d8d.html]
[rubikcare.com/Home/MedicineDetails913b.html]
[rubikcare.com/patient/Loginab67.html]
[rubikcare.com/Home/MedicineDetails8934.html]
[rubikcare.com/patient/Loginf723.html]
[rubikcare.com/Home/MedicineDetailsb191.html]
[rubikcare.com/patient/Login571d.html]
[rubikcare.com/Home/MedicineDetails254c.html]
[rubikcare.com/patient/Login8b63.html]
[rubikcare.com/Home/MedicineDetails252d.html]
[rubikcare.com/patient/Login56f9.html]
[rubikcare.com/Home/FindMedicationbf20.html]
[rubikcare.com/Home/FilterFindMedicationbf20.html]
[rubikcare.com/Home/FindMedication9bd9.html]
[rubikcare.com/Home/FilterFindMedication9bd9.html]
[rubikcare.com/Home/FindMedication4134.html]
[rubikcare.com/Home/FilterFindMedication4134.html]
[rubikcare.com/Home/FindMedication73a4.html]
[rubikcare.com/Home/FilterFindMedication73a4.html]
[rubikcare.com/Home/FindMedication4648.html]
[rubikcare.com/Home/FilterFindMedication4648.html]
[rubikcare.com/Home/FindMedicationd557.html]
[rubikcare.com/Home/FilterFindMedicationd557.html]
[rubikcare.com/Home/FindMedication774d.html]
[rubikcare.com/Home/FilterFindMedication774d.html]
[rubikcare.com/Home/FindMedication29b5.html]
[rubikcare.com/Home/FilterFindMedication29b5.html]
[rubikcare.com/Home/FindMedication3a3d.html]
[rubikcare.com/Home/FilterFindMedication3a3d.html]
[rubikcare.com/Home/FindMedication1f86.html]
[rubikcare.com/Home/FilterFindMedication1f86.html]
[rubikcare.com/Home/FindMedication87c5.html]
[rubikcare.com/Home/FilterFindMedication87c5.html]
[rubikcare.com/Home/FindMedicationcacf.html]
[rubikcare.com/Home/FilterFindMedicationcacf.html]
[rubikcare.com/Home/FindMedicationa2bb.html]
[rubikcare.com/Home/FilterFindMedicationa2bb.html]
[rubikcare.com/Home/FindMedicationf01e.html]
[rubikcare.com/Home/FilterFindMedicationf01e.html]
[rubikcare.com/Home/FindMedication93ef.html]
[rubikcare.com/Home/FindMedication9774.html]
[rubikcare.com/Home/FindMedicationaca4.html]
[rubikcare.com/Home/FindMedication3544.html]
[rubikcare.com/Home/FindMedicatione4b5.html]
[rubikcare.com/Home/FilterFindMedication93ef.html]
[rubikcare.com/patient/Login482b.html]
[rubikcare.com/patient/Logincd86.html]
[rubikcare.com/patient/Login3be6.html]
[rubikcare.com/patient/Login85c1.html]
[rubikcare.com/patient/Login598d.html]
[rubikcare.com/patient/Login9e5a.html]
[rubikcare.com/patient/Logina584.html]
[rubikcare.com/patient/Login3772.html]
[rubikcare.com/Home/FindMedication9b8f.html]
[rubikcare.com/Home/FilterFindMedication9b8f.html]
[rubikcare.com/Home/FindMedication54d6.html]
[rubikcare.com/Home/FilterFindMedication54d6.html]
[rubikcare.com/Home/FindMedication4e25.html]
[rubikcare.com/Home/FilterFindMedication4e25.html]
[rubikcare.com/Home/FindMedicationaf43.html]
[rubikcare.com/Home/FilterFindMedicationaf43.html]
[rubikcare.com/Home/FindMedication0df1.html]
[rubikcare.com/Home/FilterFindMedication0df1.html]
[rubikcare.com/Home/FindMedicationa6e8.html]
[rubikcare.com/Home/FilterFindMedicationa6e8.html]
[rubikcare.com/Home/FindMedication14e4.html]
[rubikcare.com/Home/FilterFindMedication14e4.html]
[rubikcare.com/Home/FindMedication2897.html]
[rubikcare.com/Home/FilterFindMedication2897.html]
[rubikcare.com/Home/FindMedication8deb.html]
[rubikcare.com/Home/FilterFindMedication8deb.html]
[rubikcare.com/Home/FindMedication2ccd.html]
[rubikcare.com/Home/FilterFindMedication2ccd.html]
[rubikcare.com/Home/FindMedication1aff.html]
[rubikcare.com/Home/FilterFindMedication1aff.html]
[rubikcare.com/Home/FindMedication4d9f.html]
[rubikcare.com/Home/FilterFindMedication4d9f.html]
[rubikcare.com/Home/FindMedication3c92.html]
[rubikcare.com/Home/FilterFindMedication3c92.html]
[rubikcare.com/Home/FindMedication95f7.html]
[rubikcare.com/Home/FilterFindMedication95f7.html]
[rubikcare.com/Home/FindMedication193f.html]
[rubikcare.com/Home/FindMedicatione12e.html]
[rubikcare.com/Home/FindMedicationd952.html]
[rubikcare.com/Home/FindMedication35ee.html]
[rubikcare.com/Home/FindMedication39f8.html]
[rubikcare.com/Home/FindMedication221d.html]
[rubikcare.com/Home/FindMedication41a1.html]
[rubikcare.com/Home/FindMedication32e3.html]
[rubikcare.com/Home/FindMedication6636.html]
[rubikcare.com/Home/FindMedicationc14b.html]
[rubikcare.com/Home/FindMedication9201.html]
[rubikcare.com/Home/FindMedication413b.html]
[rubikcare.com/Home/FindMedicatione1d2.html]
[rubikcare.com/Home/FindMedication02f0.html]
[rubikcare.com/Home/FindMedication250c.html]
[rubikcare.com/Home/FindMedication4e6c.html]
[rubikcare.com/Home/FilterFindMedication193f.html]
[rubikcare.com/Home/FindMedication037d.html]
[rubikcare.com/Home/FilterFindMedication037d.html]
[rubikcare.com/Home/FindMedication1dfc.html]
[rubikcare.com/Home/FilterFindMedication1dfc.html]
[rubikcare.com/Home/FindMedication8c94.html]
[rubikcare.com/Home/FilterFindMedication8c94.html]
[rubikcare.com/Home/FindMedicatione8cc.html]
[rubikcare.com/Home/FilterFindMedicatione8cc.html]
[rubikcare.com/Home/FindMedicationb78d.html]
[rubikcare.com/Home/FilterFindMedicationb78d.html]
[rubikcare.com/Home/FindMedication3200.html]
[rubikcare.com/Home/FilterFindMedication3200.html]
[rubikcare.com/Home/FindMedicationb59f.html]
[rubikcare.com/Home/FilterFindMedicationb59f.html]
[rubikcare.com/Home/FindMedication786c.html]
[rubikcare.com/Home/FilterFindMedication786c.html]
[rubikcare.com/Home/FindMedication4912.html]
[rubikcare.com/Home/FilterFindMedication4912.html]
[rubikcare.com/Home/FindMedication9d1e.html]
[rubikcare.com/Home/FilterFindMedication9d1e.html]
[rubikcare.com/Home/FindMedication7833.html]
[rubikcare.com/Home/FilterFindMedication7833.html]
[rubikcare.com/Home/FindMedication77fa.html]
[rubikcare.com/Home/FilterFindMedication77fa.html]
[rubikcare.com/Home/FindMedicationcebd.html]
[rubikcare.com/Home/FilterFindMedicationcebd.html]
[rubikcare.com/Home/FindMedication609e.html]
[rubikcare.com/Home/FilterFindMedication609e.html]
[rubikcare.com/Home/FindMedication411f.html]
[rubikcare.com/Home/FilterFindMedication411f.html]
[rubikcare.com/Home/FindMedication7758.html]
[rubikcare.com/Home/FilterFindMedication7758.html]
[rubikcare.com/Home/FindMedicationf798.html]
[rubikcare.com/Home/FilterFindMedicationf798.html]
[rubikcare.com/Home/FindMedication3f53.html]
[rubikcare.com/Home/FilterFindMedication3f53.html]
[rubikcare.com/Home/FindMedicationf422.html]
[rubikcare.com/Home/FindMedication15ab.html]
[rubikcare.com/Home/FindMedication0633.html]
[rubikcare.com/Home/FindMedication14fc.html]
[rubikcare.com/Home/FindMedication2943.html]
[rubikcare.com/Home/FilterFindMedicationbf20.html]
[rubikcare.com/Home/FilterFindMedication9bd9.html]
[rubikcare.com/Home/FilterFindMedication4134.html]
[rubikcare.com/Home/FilterFindMedication73a4.html]
[rubikcare.com/Home/FilterFindMedication4648.html]
[rubikcare.com/Home/FilterFindMedicationd557.html]
[rubikcare.com/Home/FilterFindMedication774d.html]
[rubikcare.com/Home/FilterFindMedication29b5.html]
[rubikcare.com/Home/FilterFindMedication3a3d.html]
[rubikcare.com/Home/FilterFindMedication1f86.html]
[rubikcare.com/Home/FilterFindMedicationf422.html]
[rubikcare.com/Home/FilterFindMedication87c5.html]
[rubikcare.com/Home/FilterFindMedicationcacf.html]
[rubikcare.com/Home/FilterFindMedicationa2bb.html]
[rubikcare.com/Home/FilterFindMedicationf01e.html]
[rubikcare.com/Home/FilterFindMedication93ef.html]
[rubikcare.com/Home/FilterFindMedication9b8f.html]
[rubikcare.com/Home/FilterFindMedication54d6.html]
[rubikcare.com/Home/FilterFindMedication4e25.html]
[rubikcare.com/Home/FilterFindMedicationaf43.html]
[rubikcare.com/Home/FilterFindMedication0df1.html]
[rubikcare.com/Home/FilterFindMedicationa6e8.html]
[rubikcare.com/Home/FilterFindMedication14e4.html]
[rubikcare.com/Home/FilterFindMedication2897.html]
[rubikcare.com/Home/FilterFindMedication8deb.html]
[rubikcare.com/Home/FilterFindMedication2ccd.html]
[rubikcare.com/Home/FilterFindMedication1aff.html]
[rubikcare.com/Home/FilterFindMedication4d9f.html]
[rubikcare.com/Home/FilterFindMedication3c92.html]
[rubikcare.com/Home/FilterFindMedication95f7.html]
[rubikcare.com/Home/FilterFindMedication193f.html]
[rubikcare.com/Home/FilterFindMedication037d.html]
[rubikcare.com/Home/FilterFindMedication1dfc.html]
[rubikcare.com/Home/FilterFindMedication8c94.html]
[rubikcare.com/Home/FilterFindMedicatione8cc.html]
[rubikcare.com/Home/FilterFindMedicationb78d.html]
[rubikcare.com/Home/FilterFindMedication3200.html]
[rubikcare.com/Home/FilterFindMedicationb59f.html]
[rubikcare.com/Home/FilterFindMedication786c.html]
[rubikcare.com/Home/FilterFindMedication4912.html]
[rubikcare.com/Home/FilterFindMedication9d1e.html]
[rubikcare.com/Home/FilterFindMedication7833.html]
[rubikcare.com/Home/FilterFindMedication77fa.html]
[rubikcare.com/Home/FilterFindMedicationcebd.html]
[rubikcare.com/Home/FilterFindMedication609e.html]
[rubikcare.com/Home/FilterFindMedication411f.html]
[rubikcare.com/Home/FilterFindMedication7758.html]
[rubikcare.com/Home/FilterFindMedicationf798.html]
[rubikcare.com/Home/FilterFindMedication3f53.html]
[rubikcare.com/Home/FilterFindMedicationf422.html]
[rubikcare.com/Home/FindMedication4b11.html]
[rubikcare.com/Home/FindMedicationf1c6.html]
[rubikcare.com/Home/FindMedicationb362.html]
[rubikcare.com/Home/FindMedication0a99.html]
